Conectando a MongoDB...


      [38;2;0;255;255m█[39m[38;2;0;255;239m█[39m[38;2;0;255;224m█[39m[38;2;0;255;209m╗[39m[38;2;0;255;194m [39m[38;2;0;255;180m [39m[38;2;0;255;165m [39m[38;2;0;255;150m█[39m[38;2;0;255;135m█[39m[38;2;0;255;119m█[39m[38;2;0;255;104m╗[39m[38;2;0;255;89m [39m[38;2;0;255;74m [39m[38;2;0;255;60m█[39m[38;2;0;255;45m█[39m[38;2;0;255;30m█[39m[38;2;0;255;15m█[39m[38;2;0;255;0m█[39m[38;2;15;255;0m╗[39m[38;2;30;255;0m [39m[38;2;45;255;0m [39m[38;2;60;255;0m█[39m[38;2;74;255;0m█[39m[38;2;89;255;0m╗[39m[38;2;104;255;0m [39m[38;2;119;255;0m [39m[38;2;135;255;0m█[39m[38;2;150;255;0m█[39m[38;2;165;255;0m╗[39m[38;2;180;255;0m [39m[38;2;194;255;0m█[39m[38;2;209;255;0m█[39m[38;2;224;255;0m╗[39m[38;2;239;255;0m [39m[38;2;255;255;0m [39m[38;2;255;239;0m [39m[38;2;255;224;0m [39m[38;2;255;209;0m [39m[38;2;255;195;0m [39m[38;2;255;180;0m [39m[38;2;255;165;0m [39m[38;2;255;150;0m█[39m[38;2;255;135;0m█[39m[38;2;255;119;0m█[39m[38;2;255;104;0m█[39m[38;2;255;89;0m█[39m[38;2;255;74;0m█[39m[38;2;255;60;0m╗[39m[38;2;255;45;0m [39m[38;2;255;30;0m [39m[38;2;255;15;0m [39m[38;2;255;0;0m█[39m[38;2;255;0;15m█[39m[38;2;255;0;30m█[39m[38;2;255;0;45m█[39m[38;2;255;0;59m█[39m[38;2;255;0;74m█[39m[38;2;255;0;89m╗[39m[38;2;255;0;104m [39m[38;2;255;0;119m [39m[38;2;255;0;135m█[39m[38;2;255;0;150m█[39m[38;2;255;0;165m█[39m[38;2;255;0;180m█[39m[38;2;255;0;194m█[39m[38;2;255;0;209m█[39m[38;2;255;0;224m█[39m[38;2;255;0;239m█[39m[38;2;255;0;255m╗[39m
      [38;2;0;255;255m█[39m[38;2;0;255;239m█[39m[38;2;0;255;224m█[39m[38;2;0;255;209m█[39m[38;2;0;255;194m╗[39m[38;2;0;255;180m [39m[38;2;0;255;165m█[39m[38;2;0;255;150m█[39m[38;2;0;255;135m█[39m[38;2;0;255;119m█[39m[38;2;0;255;104m║[39m[38;2;0;255;89m [39m[38;2;0;255;74m█[39m[38;2;0;255;60m█[39m[38;2;0;255;45m╔[39m[38;2;0;255;30m═[39m[38;2;0;255;15m═[39m[38;2;0;255;0m█[39m[38;2;15;255;0m█[39m[38;2;30;255;0m╗[39m[38;2;45;255;0m [39m[38;2;60;255;0m╚[39m[38;2;74;255;0m█[39m[38;2;89;255;0m█[39m[38;2;104;255;0m╗[39m[38;2;119;255;0m█[39m[38;2;135;255;0m█[39m[38;2;150;255;0m╔[39m[38;2;165;255;0m╝[39m[38;2;180;255;0m [39m[38;2;194;255;0m█[39m[38;2;209;255;0m█[39m[38;2;224;255;0m║[39m[38;2;239;255;0m [39m[38;2;255;255;0m [39m[38;2;255;239;0m [39m[38;2;255;224;0m [39m[38;2;255;209;0m [39m[38;2;255;195;0m [39m[38;2;255;180;0m [39m[38;2;255;165;0m [39m[38;2;255;150;0m█[39m[38;2;255;135;0m█[39m[38;2;255;119;0m╔[39m[38;2;255;104;0m═[39m[38;2;255;89;0m═[39m[38;2;255;74;0m█[39m[38;2;255;60;0m█[39m[38;2;255;45;0m╗[39m[38;2;255;30;0m [39m[38;2;255;15;0m█[39m[38;2;255;0;0m█[39m[38;2;255;0;15m╔[39m[38;2;255;0;30m═[39m[38;2;255;0;45m═[39m[38;2;255;0;59m═[39m[38;2;255;0;74m█[39m[38;2;255;0;89m█[39m[38;2;255;0;104m╗[39m[38;2;255;0;119m [39m[38;2;255;0;135m╚[39m[38;2;255;0;150m═[39m[38;2;255;0;165m═[39m[38;2;255;0;180m█[39m[38;2;255;0;194m█[39m[38;2;255;0;209m╔[39m[38;2;255;0;224m═[39m[38;2;255;0;239m═[39m[38;2;255;0;255m╝[39m
      [38;2;0;255;255m█[39m[38;2;0;255;239m█[39m[38;2;0;255;224m╔[39m[38;2;0;255;209m█[39m[38;2;0;255;194m█[39m[38;2;0;255;180m█[39m[38;2;0;255;165m█[39m[38;2;0;255;150m╔[39m[38;2;0;255;135m█[39m[38;2;0;255;119m█[39m[38;2;0;255;104m║[39m[38;2;0;255;89m [39m[38;2;0;255;74m█[39m[38;2;0;255;60m█[39m[38;2;0;255;45m█[39m[38;2;0;255;30m█[39m[38;2;0;255;15m█[39m[38;2;0;255;0m█[39m[38;2;15;255;0m█[39m[38;2;30;255;0m║[39m[38;2;45;255;0m [39m[38;2;60;255;0m [39m[38;2;74;255;0m╚[39m[38;2;89;255;0m█[39m[38;2;104;255;0m█[39m[38;2;119;255;0m█[39m[38;2;135;255;0m╔[39m[38;2;150;255;0m╝[39m[38;2;165;255;0m [39m[38;2;180;255;0m [39m[38;2;194;255;0m█[39m[38;2;209;255;0m█[39m[38;2;224;255;0m║[39m[38;2;239;255;0m [39m[38;2;255;255;0m█[39m[38;2;255;239;0m█[39m[38;2;255;224;0m█[39m[38;2;255;209;0m█[39m[38;2;255;195;0m█[39m[38;2;255;180;0m╗[39m[38;2;255;165;0m [39m[38;2;255;150;0m█[39m[38;2;255;135;0m█[39m[38;2;255;119;0m█[39m[38;2;255;104;0m█[39m[38;2;255;89;0m█[39m[38;2;255;74;0m█[39m[38;2;255;60;0m╔[39m[38;2;255;45;0m╝[39m[38;2;255;30;0m [39m[38;2;255;15;0m█[39m[38;2;255;0;0m█[39m[38;2;255;0;15m║[39m[38;2;255;0;30m [39m[38;2;255;0;45m [39m[38;2;255;0;59m [39m[38;2;255;0;74m█[39m[38;2;255;0;89m█[39m[38;2;255;0;104m║[39m[38;2;255;0;119m [39m[38;2;255;0;135m [39m[38;2;255;0;150m [39m[38;2;255;0;165m [39m[38;2;255;0;180m█[39m[38;2;255;0;194m█[39m[38;2;255;0;209m║[39m[38;2;255;0;224m [39m[38;2;255;0;239m [39m[38;2;255;0;255m [39m
      [38;2;0;255;255m█[39m[38;2;0;255;239m█[39m[38;2;0;255;224m║[39m[38;2;0;255;209m╚[39m[38;2;0;255;194m█[39m[38;2;0;255;180m█[39m[38;2;0;255;165m╔[39m[38;2;0;255;150m╝[39m[38;2;0;255;135m█[39m[38;2;0;255;119m█[39m[38;2;0;255;104m║[39m[38;2;0;255;89m [39m[38;2;0;255;74m█[39m[38;2;0;255;60m█[39m[38;2;0;255;45m╔[39m[38;2;0;255;30m═[39m[38;2;0;255;15m═[39m[38;2;0;255;0m█[39m[38;2;15;255;0m█[39m[38;2;30;255;0m║[39m[38;2;45;255;0m [39m[38;2;60;255;0m [39m[38;2;74;255;0m█[39m[38;2;89;255;0m█[39m[38;2;104;255;0m╔[39m[38;2;119;255;0m█[39m[38;2;135;255;0m█[39m[38;2;150;255;0m╗[39m[38;2;165;255;0m [39m[38;2;180;255;0m [39m[38;2;194;255;0m█[39m[38;2;209;255;0m█[39m[38;2;224;255;0m║[39m[38;2;239;255;0m [39m[38;2;255;255;0m╚[39m[38;2;255;239;0m═[39m[38;2;255;224;0m═[39m[38;2;255;209;0m═[39m[38;2;255;195;0m═[39m[38;2;255;180;0m╝[39m[38;2;255;165;0m [39m[38;2;255;150;0m█[39m[38;2;255;135;0m█[39m[38;2;255;119;0m╔[39m[38;2;255;104;0m═[39m[38;2;255;89;0m═[39m[38;2;255;74;0m█[39m[38;2;255;60;0m█[39m[38;2;255;45;0m╗[39m[38;2;255;30;0m [39m[38;2;255;15;0m█[39m[38;2;255;0;0m█[39m[38;2;255;0;15m║[39m[38;2;255;0;30m [39m[38;2;255;0;45m [39m[38;2;255;0;59m [39m[38;2;255;0;74m█[39m[38;2;255;0;89m█[39m[38;2;255;0;104m║[39m[38;2;255;0;119m [39m[38;2;255;0;135m [39m[38;2;255;0;150m [39m[38;2;255;0;165m [39m[38;2;255;0;180m█[39m[38;2;255;0;194m█[39m[38;2;255;0;209m║[39m[38;2;255;0;224m [39m[38;2;255;0;239m [39m[38;2;255;0;255m [39m
      [38;2;0;255;255m█[39m[38;2;0;255;239m█[39m[38;2;0;255;224m║[39m[38;2;0;255;209m [39m[38;2;0;255;194m╚[39m[38;2;0;255;180m═[39m[38;2;0;255;165m╝[39m[38;2;0;255;150m [39m[38;2;0;255;135m█[39m[38;2;0;255;119m█[39m[38;2;0;255;104m║[39m[38;2;0;255;89m [39m[38;2;0;255;74m█[39m[38;2;0;255;60m█[39m[38;2;0;255;45m║[39m[38;2;0;255;30m [39m[38;2;0;255;15m [39m[38;2;0;255;0m█[39m[38;2;15;255;0m█[39m[38;2;30;255;0m║[39m[38;2;45;255;0m [39m[38;2;60;255;0m█[39m[38;2;74;255;0m█[39m[38;2;89;255;0m╔[39m[38;2;104;255;0m╝[39m[38;2;119;255;0m [39m[38;2;135;255;0m█[39m[38;2;150;255;0m█[39m[38;2;165;255;0m╗[39m[38;2;180;255;0m [39m[38;2;194;255;0m█[39m[38;2;209;255;0m█[39m[38;2;224;255;0m║[39m[38;2;239;255;0m [39m[38;2;255;255;0m [39m[38;2;255;239;0m [39m[38;2;255;224;0m [39m[38;2;255;209;0m [39m[38;2;255;195;0m [39m[38;2;255;180;0m [39m[38;2;255;165;0m [39m[38;2;255;150;0m█[39m[38;2;255;135;0m█[39m[38;2;255;119;0m█[39m[38;2;255;104;0m█[39m[38;2;255;89;0m█[39m[38;2;255;74;0m█[39m[38;2;255;60;0m╔[39m[38;2;255;45;0m╝[39m[38;2;255;30;0m [39m[38;2;255;15;0m╚[39m[38;2;255;0;0m█[39m[38;2;255;0;15m█[39m[38;2;255;0;30m█[39m[38;2;255;0;45m█[39m[38;2;255;0;59m█[39m[38;2;255;0;74m█[39m[38;2;255;0;89m╔[39m[38;2;255;0;104m╝[39m[38;2;255;0;119m [39m[38;2;255;0;135m [39m[38;2;255;0;150m [39m[38;2;255;0;165m [39m[38;2;255;0;180m█[39m[38;2;255;0;194m█[39m[38;2;255;0;209m║[39m[38;2;255;0;224m [39m[38;2;255;0;239m [39m[38;2;255;0;255m [39m
      [38;2;0;255;255m╚[39m[38;2;0;255;239m═[39m[38;2;0;255;224m╝[39m[38;2;0;255;209m [39m[38;2;0;255;194m [39m[38;2;0;255;180m [39m[38;2;0;255;165m [39m[38;2;0;255;150m [39m[38;2;0;255;135m╚[39m[38;2;0;255;119m═[39m[38;2;0;255;104m╝[39m[38;2;0;255;89m [39m[38;2;0;255;74m╚[39m[38;2;0;255;60m═[39m[38;2;0;255;45m╝[39m[38;2;0;255;30m [39m[38;2;0;255;15m [39m[38;2;0;255;0m╚[39m[38;2;15;255;0m═[39m[38;2;30;255;0m╝[39m[38;2;45;255;0m [39m[38;2;60;255;0m╚[39m[38;2;74;255;0m═[39m[38;2;89;255;0m╝[39m[38;2;104;255;0m [39m[38;2;119;255;0m [39m[38;2;135;255;0m╚[39m[38;2;150;255;0m═[39m[38;2;165;255;0m╝[39m[38;2;180;255;0m [39m[38;2;194;255;0m╚[39m[38;2;209;255;0m═[39m[38;2;224;255;0m╝[39m[38;2;239;255;0m [39m[38;2;255;255;0m [39m[38;2;255;239;0m [39m[38;2;255;224;0m [39m[38;2;255;209;0m [39m[38;2;255;195;0m [39m[38;2;255;180;0m [39m[38;2;255;165;0m [39m[38;2;255;150;0m╚[39m[38;2;255;135;0m═[39m[38;2;255;119;0m═[39m[38;2;255;104;0m═[39m[38;2;255;89;0m═[39m[38;2;255;74;0m═[39m[38;2;255;60;0m╝[39m[38;2;255;45;0m [39m[38;2;255;30;0m [39m[38;2;255;15;0m [39m[38;2;255;0;0m╚[39m[38;2;255;0;15m═[39m[38;2;255;0;30m═[39m[38;2;255;0;45m═[39m[38;2;255;0;59m═[39m[38;2;255;0;74m═[39m[38;2;255;0;89m╝[39m[38;2;255;0;104m [39m[38;2;255;0;119m [39m[38;2;255;0;135m [39m[38;2;255;0;150m [39m[38;2;255;0;165m [39m[38;2;255;0;180m╚[39m[38;2;255;0;194m═[39m[38;2;255;0;209m╝[39m[38;2;255;0;224m [39m[38;2;255;0;239m [39m[38;2;255;0;255m [39m


                   powered by • It's Duva

❌ ERROR cargando ./commands/setbirthday.js: The requested module '../core.js' contains conflicting star exports for name 'getProfile'
❌ ERROR cargando ./commands/setname.js: The requested module '../core.js' contains conflicting star exports for name 'getProfile'
❌ ERROR cargando ./commands/setpasatiempo.js: The requested module '../core.js' contains conflicting star exports for name 'getProfile'
❌ ERROR cargando ./descargas/ig.js: Cannot find package 'ffmpeg-static' imported from /data/data/com.termux/files/home/MaxiProyec/descargas/ig.js
❌ ERROR cargando ./descargas/instagram.js: The requested module '../core.js' does not provide an export named 'obtenerStoriesInstagram'
❌ ERROR cargando ./perfil/divorciar.js: The requested module '../core.js' contains conflicting star exports for name 'getProfile'
❌ ERROR cargando ./perfil/marry.js: The requested module '../core.js' contains conflicting star exports for name 'getProfile'
❌ ERROR cargando ./perfil/perfil.js: The requested module '../core.js' contains conflicting star exports for name 'getProfile'
❌ ERROR cargando ./perfil/setbio.js: The requested module '../core.js' contains conflicting star exports for name 'getProfile'
❌ ERROR cargando ./perfil/setbirthday.js: The requested module '../core.js' contains conflicting star exports for name 'getProfile'
❌ ERROR cargando ./perfil/setgame.js: The requested module '../core.js' contains conflicting star exports for name 'getProfile'
❌ ERROR cargando ./perfil/setname.js: The requested module '../core.js' contains conflicting star exports for name 'getProfile'
❌ ERROR cargando ./perfil/setpasatiempo.js: The requested module '../core.js' contains conflicting star exports for name 'getProfile'
❌ ERROR cargando ./reacciones/simbolos.js: Package import specifier "#db" is not defined in package /data/data/com.termux/files/home/MaxiProyec/package.json imported from /data/data/com.termux/files/home/MaxiProyec/reacciones/simbolos.js
❌ ERROR cargando ./stickers/s.js: Cannot find module '/data/data/com.termux/files/home/MaxiProyec/sticker.js' imported from /data/data/com.termux/files/home/MaxiProyec/stickers/s.js
❌ ERROR cargando ./stickers/spack.js: Cannot find module '/data/data/com.termux/files/home/MaxiProyec/sticker.js' imported from /data/data/com.termux/files/home/MaxiProyec/stickers/spack.js
Comandos cargados: 115 (desde 62 archivos, en carpetas: assets, bot, commands, descargas, juegos, perfil, reacciones, stickers)
Servidor web escuchando en el puerto 3000
Intentando conectar con WhatsApp...
Estado de conexion: connecting
✅ Mongo conectado con éxito
Datos cargados desde MongoDB: 17 cuentas
Metadatos de stickers cargados: 0
Estado de conexion: open
✔ Bot conectado a WhatsApp
[espera-formato] No hay espera guardada para "120363430704433198@g.us:5217862284313@s.whatsapp.net"
[espera-formato] No hay espera guardada para "120363430704433198@g.us:5217862284313@s.whatsapp.net"
[espera-formato] No hay espera guardada para "120363430704433198@g.us:5217862284313@s.whatsapp.net"
[espera-formato] Guardada espera para "120363430704433198@g.us:155345393565872@lid" -> https://www.youtube.com/watch?v=ERKJDJ-7op8
[espera-formato] No hay espera guardada para "120363430704433198@g.us:5217862284313@s.whatsapp.net"
[espera-formato] No hay espera guardada para "120363430704433198@g.us:5217862284313@s.whatsapp.net"
[youtub] Fallo descifrando itag 313: No valid URL to decipher
[youtub] Fallo descifrando itag 401: No valid URL to decipher
[youtub] Fallo descifrando itag 271: No valid URL to decipher
[youtub] Fallo descifrando itag 400: No valid URL to decipher
[youtub] Fallo descifrando itag 137: No valid URL to decipher
[youtub] Fallo descifrando itag 248: No valid URL to decipher
[youtub] Fallo descifrando itag 399: No valid URL to decipher
[youtub] Fallo descifrando itag 247: No valid URL to decipher
[youtub] Fallo descifrando itag 398: No valid URL to decipher
[youtub] Fallo descifrando itag 136: No valid URL to decipher
[youtub] Fallo descifrando itag 244: No valid URL to decipher
[youtub] Fallo descifrando itag 135: No valid URL to decipher
[youtub] Fallo descifrando itag 243: No valid URL to decipher
[youtub] Fallo descifrando itag 397: No valid URL to decipher
[youtub] Fallo descifrando itag 134: No valid URL to decipher
[youtub] Fallo descifrando itag 396: No valid URL to decipher
[youtub] Fallo descifrando itag 242: No valid URL to decipher
[youtub] Fallo descifrando itag 133: No valid URL to decipher
[youtub] Fallo descifrando itag 395: No valid URL to decipher
[youtub] Fallo descifrando itag 394: No valid URL to decipher
[youtub] Fallo descifrando itag 278: No valid URL to decipher
[youtub] Fallo descifrando itag 160: No valid URL to decipher
[youtub] Fallo descifrando itag 251: No valid URL to decipher
[youtub] Fallo descifrando itag 140: No valid URL to decipher
[youtub] Fallo descifrando itag 250: No valid URL to decipher
[youtub] Fallo descifrando itag 249: No valid URL to decipher
[espera-formato] No hay espera guardada para "120363430704433198@g.us:5217862284313@s.whatsapp.net"
[espera-formato] No hay espera guardada para "120363430704433198@g.us:5217862284313@s.whatsapp.net"
[espera-formato] Guardada espera para "120363430704433198@g.us:155345393565872@lid" -> https://youtu.be/o2grryJje6c?si=UjgMBQmUkH5XoQta
[espera-formato] No hay espera guardada para "120363430704433198@g.us:5217862284313@s.whatsapp.net"
[espera-formato] No hay espera guardada para "120363430704433198@g.us:5217862284313@s.whatsapp.net"
[youtub] Fallo descifrando itag 137: No valid URL to decipher
[youtub] Fallo descifrando itag 248: No valid URL to decipher
[youtub] Fallo descifrando itag 399: No valid URL to decipher
[youtub] Fallo descifrando itag 247: No valid URL to decipher
[youtub] Fallo descifrando itag 136: No valid URL to decipher
[youtub] Fallo descifrando itag 398: No valid URL to decipher
[youtub] Fallo descifrando itag 244: No valid URL to decipher
[youtub] Fallo descifrando itag 135: No valid URL to decipher
[youtub] Fallo descifrando itag 397: No valid URL to decipher
[youtub] Fallo descifrando itag 134: No valid URL to decipher
[youtub] Fallo descifrando itag 243: No valid URL to decipher
[youtub] Fallo descifrando itag 133: No valid URL to decipher
[youtub] Fallo descifrando itag 396: No valid URL to decipher
[youtub] Fallo descifrando itag 242: No valid URL to decipher
[youtub] Fallo descifrando itag 160: No valid URL to decipher
[youtub] Fallo descifrando itag 395: No valid URL to decipher
[youtub] Fallo descifrando itag 278: No valid URL to decipher
[youtub] Fallo descifrando itag 394: No valid URL to decipher
[youtub] Fallo descifrando itag 251: No valid URL to decipher
[youtub] Fallo descifrando itag 140: No valid URL to decipher
[youtub] Fallo descifrando itag 250: No valid URL to decipher
[youtub] Fallo descifrando itag 249: No valid URL to decipher
[espera-formato] No hay espera guardada para "120363430704433198@g.us:5217862284313@s.whatsapp.net"
